tas esta es una prueba
